// Jest Snapshot v1, https://goo.gl/fbAQLP

exports[`should render expense  1`] = `
<div>
  <h3>
    <[object Object]
      to="/edit/1"
    >
      Gum
    </[object Object]>
  </h3>
  <p>
    195
     - 
    0
  </p>
</div>
`;
