// Jest Snapshot v1, https://goo.gl/fbAQLP

exports[`render not found page 1`] = `
<div>
  <p>
    This is a  404! 
    <[object Object]
      to="/"
    >
      Go Home 
    </[object Object]>
  </p>
</div>
`;
